

  CarServiceHistory Contract
    Car Registration
      Γ£ö Should register a new car (80ms)
      Γ£ö Should prevent duplicate VIN registration

  Lock
    Deployment
      Γ£ö Should set the right unlockTime
      Γ£ö Should set the right owner
      Γ£ö Should receive and store the funds to lock
      Γ£ö Should fail if the unlockTime is not in the future
    Withdrawals
      Validations
        Γ£ö Should revert with the right error if called too soon
        Γ£ö Should revert with the right error if called from another account
        Γ£ö Shouldn't fail if the unlockTime has arrived and the owner calls it
      Events
        Γ£ö Should emit an event on withdrawals
      Transfers
        Γ£ö Should transfer the funds to the owner


  11 passing (1s)

